// Jest Snapshot v1, https://goo.gl/fbAQLP

exports[`modules/RoutePrivate should allow navigation for authenticated access 1`] = `""`;

exports[`modules/RoutePrivate should redirect for unauthenticated access 1`] = `""`;
