// Jest Snapshot v1, https://goo.gl/fbAQLP

exports[`RoutePrivate should allow navigation for authenticated access 1`] = `""`;

exports[`RoutePrivate should redirect for unauthenticated access 1`] = `""`;
