// Jest Snapshot v1, https://goo.gl/fbAQLP

exports[`Private should render properly 1`] = `
<Screen
  data-testid="PrivateWrapper"
  key="Private"
  minHeight="100vh"
>
  <Container
    verticalPadding={true}
  >
    <Header>
      <Heading
        as="h1"
      >
        Oh hai!
      </Heading>
    </Header>
    <Box
      mb={4}
      textAlign="center"
    >
      <Heading
        as="h5"
      >
        Here's some GitHub data
      </Heading>
      <Text
        as="span"
      >
        <i>
          *Just to have some requests in the sagas...
        </i>
      </Text>
    </Box>
    <Connect(GitHub) />
  </Container>
</Screen>
`;
